mock harness: getRange/setValue can actually fail
  ok  - getRange(2,1).setValue writes into the sheet, read back at row 2 col 1  (got "x")
  ok  - getRange().setValue coerces a bare date string to a Date
  ok  - ...and it round-trips to the same yyyy-MM-dd  (got "2026-08-03")
  ok  - writing beyond current row length extends the row, does not throw
  ok  - extended row has the value at the target column  (got "z")
  ok  - SUPPLIERS_HEADERS used by tests is globalThis.SUPPLIERS_HEADERS (no shadow)
  ok  - SALES_HEADERS used by tests is globalThis.SALES_HEADERS (no shadow)
mock harness: getRange rejects invalid geometry (shopspend-hardening step 0)
  ok  - getRange(1, 1, 1, 0) throws — numCols < 1 mirrors real GAS
  ok  - getRange(1, 1, 0, 1) throws — numRows < 1 mirrors real GAS
  ok  - getRange(row, col) with no numRows/numCols stays legal
  ok  - getRange(row, col, numRows, numCols) with valid (>= 1) geometry stays legal
ensureSheet — empty headers on a missing tab (shopspend-hardening step 0)
  ok  - ensureSheet(ss, name, []) returns a sheet object
  ok  - the tab now exists under that name
  ok  - ensureSheet(ss, name, []) never issues a getRange call with invalid (< 1) geometry  (got 0)
  ok  - no range on the new headerless sheet was styled  (got 0)
  ok  - setFrozenRows was never called for a headerless tab  (got 0)
  ok  - the new sheet has no data rows (nothing was appended)  (got 0)
ensureSheet — non-empty headers, byte-identical to today (shopspend-hardening step 0)
  ok  - header row is appended as row 1  (got ["date","supplier","total","invoice_ref","location","source","extracted_at","department"])
  ok  - getRange(1, 1, 1, headers.length) was called for the header row
  ok  - header range background is #a5b89d  (got "#a5b89d")
  ok  - header range font color is white  (got "#ffffff")
  ok  - header range font weight is bold  (got "bold")
  ok  - setFrozenRows(1) was called exactly once  (got [1])
ensureSheet — existing tab is untouched (shopspend-hardening step 0)
  ok  - the same sheet object is returned
  ok  - no new write calls (no re-append) on an existing tab  (got 0)
  ok  - row count is still exactly 1 (header only, not duplicated)  (got 1)
  ok  - headerless: the same sheet object is returned
  ok  - headerless: no new getRange calls on an existing tab  (got 0)
ensureSheet — existing callers still get their real header rows (shopspend-hardening step 0)
  ok  - ensureSheet(ss, "Suppliers", SUPPLIERS_HEADERS) writes the real header row  (got ["date","supplier","total","invoice_ref","location","source","extracted_at","department"])
  ok  - ensureSheet(ss, "Sales", SALES_HEADERS) writes the real header row  (got ["date","location","gross_sales","source","extracted_at","department"])
  ok  - ensureSheet(ss, "Revenue", REVENUE_HEADERS) writes the real header row  (got ["date","department","channel","customer","amount","order_ref","source","extracted_at"])
  ok  - ensureSheet(ss, "Summary", SUMMARY_HEADERS) writes the real header row  (got ["week_start","week_end","supplier","location","total","summarized_at","department","kind"])
  ok  - ensureSheet(ss, "Labour", LABOUR_HEADERS) writes the real header row  (got ["week_start","week_end","location","total","iso_week","pulled_at","department"])
ensureShopSpendTabs_ creates all three tabs without throwing (shopspend-hardening step 0)
  ok  - ensureShopSpendTabs_ does not throw when creating all three tabs from scratch
  ok  - ShopSpend tab created
  ok  - ShopSpendPulls tab created
  ok  - ShopSpend Report tab created (headerless)
  ok  - ShopSpend Report tab is retrievable by name
normalizeSupplierRow
  ok  - maps columns + resolves canonical supplier from source, department defaults to Cafe  (got ["2026-06-15","Food and Dairy Co",245.5,"INV-1","York St","food_dairy_co","TS","Cafe"])
  ok  - per-row supplier (Ordermentum) wins over the map  (got ["2026-06-15","Tuga Pastry",80,"O-9","","ordermentum","TS","Cafe"])
  ok  - unknown source falls back to the raw source name  (got "mystery")
  ok  - explicit row.department wins over the default  (got "Roastery")
ingestSupplierRows dedup (source + invoice_ref)
  ok  - batch of 3 with 1 dup → 2 added, 1 skipped  (got {"rowsAdded":2,"rowsUpdated":0,"duplicatesSkipped":1})
  ok  - re-ingest same batch → 0 added (all dup vs sheet)  (got {"rowsAdded":0,"rowsUpdated":0,"duplicatesSkipped":3})
doPost
  ok  - happy path → ok, rowsAdded 2  (got {"result":"ok","rowsAdded":2,"rowsUpdated":0,"duplicatesSkipped":0})
  ok  - batch with duplicate invoice_ref → 1 added, 1 skipped  (got {"result":"ok","rowsAdded":1,"rowsUpdated":0,"duplicatesSkipped":1})
  ok  - missing total → result error
  ok  - missing source → result error
  ok  - unknown source still ingests (ok, 1 added)  (got {"result":"ok","rowsAdded":1,"rowsUpdated":0,"duplicatesSkipped":0})
  ok  - unknown-source supplier defaults to raw source  (got "mystery_co")
squareSumOrderGross_
  ok  - sums total_money.amount (cents) → dollars, ignores malformed  (got 13.5)
  ok  - empty → 0  (got 0)
parseMayersInvoice_
  ok  - parses real Mayers invoice — ref, date, total, location  (got {"date":"2026-06-17","total":736.74,"invoice_ref":"3429816","location":"Leible York"})
  ok  - does not grab Ex Tax or Line Total as the total  (got 736.74)
  ok  - does not grab Pay Ref as the invoice ref  (got "3429816")
  ok  - falls back to received date when no date in text
  ok  - returns null when no total/ref found
mayersShopFromText_
  ok  - York St → Leible York  (got "Leible York")
  ok  - Pitt St → Leible Pitt  (got "Leible Pitt")
  ok  - Blue St → Leible North  (got "Leible North")
  ok  - Burlington → Leible Crowsnest  (got "Leible Crowsnest")
  ok  - Crows Nest keyword → Leible Crowsnest  (got "Leible Crowsnest")
  ok  - unknown address → UNMAPPED prefix
  ok  - no address at all → empty string  (got "")
parseRoasteryInvoice_ (Sample Bean Co — synthetic fixture, no PII, no real amounts)
  ok  - parses a well-formed Sample Bean Co invoice — ref, date, total, department  (got {"date":"2026-07-05","total":612.5,"invoice_ref":"RST-24401","department":"Roastery"})
  ok  - falls back to received date when no date in text
  ok  - missing invoice number → invoice_ref null (caller falls back to the Gmail message id, not the parser)  (got null)
  ok  - unparseable input RAISES rather than returning empty/null
  ok  - raised error message is actionable (mentions total)
coerceDateStr_
  ok  - string passes through  (got "2026-06-15")
  ok  - Date object → local YYYY-MM-DD (no off-by-one)  (got "2026-06-15")
aggregateSupplierRows_ with Date-object dates
  ok  - Date-object rows aggregate into the week  (got 1)
  ok  - Date-object rows summed  (got 300)
  ok  - Date-object rows default to Cafe/spend  (got "Cafe|spend")
weekStartForDate_
  ok  - Monday returns itself  (got "2026-06-22")
  ok  - Wednesday returns Monday  (got "2026-06-22")
  ok  - Sunday returns previous Monday  (got "2026-06-22")
  ok  - Saturday returns Monday  (got "2026-06-22")
  ok  - Tuesday returns Monday  (got "2026-06-22")
getLastCompletedWeek_
  ok  - Monday: last week start  (got "2026-06-15")
  ok  - Monday: last week end  (got "2026-06-21")
  ok  - Wednesday: last week start  (got "2026-06-15")
  ok  - Wednesday: last week end  (got "2026-06-21")
  ok  - Sunday: last week start  (got "2026-06-15")
  ok  - Sunday: last week end  (got "2026-06-21")
aggregateSupplierRows_
  ok  - groups into 3 buckets (FDC-York, FDC-North, Butterboy-York)  (got 3)
  ok  - Butterboy York total  (got 80)
  ok  - Butterboy York supplier  (got "Butterboy")
  ok  - FDC North total  (got 50)
  ok  - FDC York total (100+200)  (got 300)
  ok  - empty rows → empty result  (got 0)
aggregateSupplierRows_ revenue grain — online collapses to source
  ok  - online: three customers collapse into one group  (got 1)
  ok  - online: total is the sum  (got 230.5)
  ok  - online: supplier is the source, not the customer  (got "shopify")
  ok  - online: location is the channel  (got "online")
  ok  - online: department preserved  (got "Roastery")
  ok  - wholesale: two customers stay two groups  (got 2)
  ok  - wholesale: supplier is still the customer name  (got "Bar Mero")
  ok  - wholesale: second customer intact  (got "Cafe X")
  ok  - wholesale: totals not merged  (got "912|340")
  ok  - mixed: 3 groups (1 online + 2 wholesale)  (got 3)
  ok  - mixed: sorted keys → Bar Mero, Cafe X, shopify  (got "Bar Mero,Cafe X,shopify")
  ok  - "Online" collapses too  (got 1)
  ok  - "Online" groups by source  (got "shopify")
  ok  - location keeps the raw channel casing  (got "Online")
  ok  - two online sources → two groups  (got 2)
  ok  - ...keyed by source  (got "coffee_order_app,shopify")
  ok  - two departments → two groups  (got 2)
  ok  - ...Cafe sorts first  (got "Cafe|70")
  ok  - ...Roastery second  (got "Roastery|50")
  ok  - blank + absent source group together as "unknown"  (got 2)
  ok  - ...unknown bucket totals 11+22  (got "unknown|33")
  ok  - ...and does NOT merge with the real source  (got "shopify|33")
  ok  - Date-object revenue rows: only the in-week row counts  (got 1)
  ok  - Date-object revenue rows: out-of-week excluded  (got 100)
checkReadToken_
  ok  - no stored token → unauthorized
  ok  - no caller token → unauthorized
  ok  - empty caller token → unauthorized
  ok  - wrong token → unauthorized
  ok  - correct token → ok
summaryDataToObjects_
  ok  - returns 2 objects  (got 2)
  ok  - first obj supplier  (got "Food and Dairy Co")
  ok  - first obj total_spend  (got 300)
  ok  - second obj week_start  (got "2026-06-15")
filterSummaryByDateRange_
  ok  - from filter  (got 2)
  ok  - to filter  (got 2)
  ok  - from+to filter  (got 1)
  ok  - no filter  (got 3)
archiveAndPurge_
  ok  - archived 2 old rows  (got 2)
  ok  - source has header + 1 recent row  (got 2)
  ok  - source remaining row is recent  (got "2026-06-15")
  ok  - archive has header + 2 archived rows  (got 3)
  ok  - archive first row date (bottom-up order)  (got "2026-01-15")
doGet (integration)
  ok  - no stored token → error  (got "error")
  ok  - wrong token → error  (got "error")
  ok  - valid token + date range → ok  (got "ok")
  ok  - returns 2 rows for week Jun 15  (got 2)
  ok  - first row supplier  (got "Food and Dairy Co")
  ok  - wider range → 3 rows  (got 3)

resolveDateArg_:
  ok  - valid date passes through  (got "2026-07-15")
  ok  - surrounding whitespace trimmed  (got "2026-07-15")
  ok  - undefined → fallback  (got "FB")
  ok  - null → fallback  (got "FB")
  ok  - empty string → fallback  (got "FB")
  ok  - trigger EVENT OBJECT → fallback  (got "FB")
  ok  - Date object → fallback  (got "FB")
  ok  - number → fallback  (got "FB")
  ok  - dd/mm/yyyy → fallback  (got "FB")
  ok  - unpadded 2026-7-5 → fallback  (got "FB")
  ok  - ISO datetime → fallback  (got "FB")
  ok  - 'yesterday' → fallback  (got "FB")
  ok  - 2026-02-31 → fallback  (got "FB")
  ok  - 2026-13-01 → fallback  (got "FB")
  ok  - non-leap 2026-02-29 → fallback  (got "FB")
  ok  - leap 2028-02-29 is valid  (got "2028-02-29")

addDaysStr_:
  ok  - +6 days within month  (got "2026-06-21")
  ok  - +0 days is identity  (got "2026-06-15")
  ok  - month rollover  (got "2026-07-05")
  ok  - year rollover  (got "2027-01-03")
  ok  - leap-year February  (got "2028-03-03")
  ok  - negative days  (got "2026-06-29")

squareDailyPull (Fault 3 regression):
  ok  - trigger event → yesterday, not the event object  (got "2026-07-15")
  ok  - a Sales row WAS written (test is not vacuous)  (got 2)
  ok  - written date cell is a real date  (got "2026-07-15")
  ok  - date cell never carries the event object
  ok  - date cell matches YYYY-MM-DD exactly
  ok  - the written row is NOT flagged corrupt by the cleanup predicate
  ok  - explicit date still honoured  (got "2026-07-01")
  ok  - explicit date reaches the row  (got "2026-07-01")
  ok  - no arg → yesterday  (got "2026-07-15")

square API failure — null sentinel (not [] / not silent $0):
  ok  - squareListLocations_: API failure (squareCallApi_ -> null) returns null, not []  (got null)
  ok  - squareListLocations_: genuine empty {locations: []} still returns []  (got [])
  ok  - squareSearchOrders_: API failure (squareCallApi_ -> null) returns null, not []  (got null)
  ok  - site API failure: no Sales row appended (header only)  (got 1)
  ok  - site API failure: heartbeat NOT stamped
  ok  - real closed day: a $0 Sales row IS written  (got 2)
  ok  - real closed day: gross is genuinely 0  (got 0)
  ok  - real closed day: heartbeat IS stamped
  ok  - mixed sites: exactly one row written (the healthy site only)  (got 2)
  ok  - mixed sites: the written row belongs to the healthy site  (got "North Sydney")
  ok  - mixed sites: heartbeat IS stamped (>=1 site succeeded)

salesRowIsCorrupt_:
  ok  - healthy row (date as string) → keep
  ok  - healthy row (date as Date object) → keep
  ok  - corrupt row (stringified event) → delete
  ok  - zero gross on a valid date → keep (closed day)
  ok  - blank date on a square row → delete
  ok  - non-square source is never touched
  ok  - fully blank row → keep (source is not square)
  ok  - source matching is case/space tolerant

cleanupCorruptSalesRows:
  ok  - no-arg → dry run  (got "dryRun")
  ok  - dry run finds all 8  (got 8)
  ok  - dry run deletes nothing  (got 11)
  ok  - trigger event arg → still dry run  (got "dryRun")
  ok  - trigger event arg deletes nothing  (got 11)
  ok  - true → still dry run (only false applies)  (got "dryRun")
  ok  - truthy string "false" → still dry run  (got "dryRun")
  ok  - null → still dry run  (got "dryRun")
  ok  - 0 → still dry run  (got "dryRun")
  ok  - after every non-false arg, nothing was deleted  (got 11)
  ok  - apply deletes 8  (got 8)
  ok  - 2 legitimate rows survive (+header)  (got 3)
  ok  - healthy row survived  (got "2026-07-14")
  ok  - closed-day $0 row survived  (got "2026-07-15")
  ok  - no corrupt row survived
  ok  - count mismatch → aborted  (got "aborted")
  ok  - aborted run deleted nothing  (got 8)
  ok  - retargeted guard → applies  (got 5)

cleanupDuplicateSummaryRows:
  ok  - seeded 7 data rows (+header)  (got 8)
  ok  - dry run is the default (no arg)  (got "dryRun")
  ok  - dry run finds 4 duplicates  (got 4)
  ok  - dry run deletes nothing  (got 0)
  ok  - dry run leaves the sheet intact  (got 8)
  ok  - apply deletes 4  (got 4)
  ok  - 3 unique rows survive (+header)  (got 4)
  ok  - first FDCo row kept  (got "T1")
  ok  - first F&C row kept  (got "T1")
  ok  - Labour row survived  (got "Labour")
  ok  - Labour total intact  (got 4830.14)
  ok  - re-apply finds nothing  (got 0)
  ok  - re-apply deletes nothing  (got 0)
  ok  - sheet unchanged by re-apply  (got 4)
  ok  - conflict is reported  (got 1)
  ok  - conflict names the differing total  (got 999)
  ok  - conflict row is NOT deleted  (got true)
  ok  - clean duplicates still removed alongside the conflict  (got 4)

cleanupOnlineRevenueSummaryRows (v23 grain cleanup):
  ok  - seeded 6 data rows (+header)  (got 7)
  ok  - dry run is the default (no arg)  (got "dryRun")
  ok  - dry run finds the 3 online revenue rows  (got 3)
  ok  - dry run deletes nothing  (got 0)
  ok  - dry run leaves the sheet intact  (got 7)
  ok  - dry run reports 1 affected week  (got 1)
  ok  - week is the Monday  (got "2026-06-15")
  ok  - week total is the sum of the stale rows  (got 175)
  ok  - week is re-summarizable (Revenue rows still present)  (got true)
  ok  - counts the online Revenue rows backing the week  (got 3)
  ok  - apply deletes 3  (got 3)
  ok  - 3 rows survive (+header)  (got 4)
  ok  - wholesale revenue survived  (got "Cafe X")
  ok  - wholesale total intact  (got 340)
  ok  - spend row survived  (got "Food and Dairy Co")
  ok  - labour row survived  (got "Labour")
  ok  - no online revenue row remains  (got false)
  ok  - backup tab was created
  ok  - backup holds all 3 removed rows (+header)  (got 4)
  ok  - backup preserves the Summary header shape  (got "kind")
  ok  - backup keeps the customer-keyed supplier  (got "#1001")
  ok  - backup keeps the total  (got 25)
  ok  - re-apply finds nothing  (got 0)
  ok  - re-apply deletes nothing  (got 0)
  ok  - sheet unchanged by re-apply  (got 4)
  ok  - matches Online/Revenue regardless of case  (got 4)
  ok  - purged-Revenue week is flagged NOT re-summarizable  (got false)
  ok  - purged-Revenue week has no backing rows  (got 0)
  ok  - mixed channel casing is detected  (got 2)

online-revenue cleanup round trip (purge → resummarize):
  ok  - purge removed all 3 stale rows  (got 3)
  ok  - purge spans 2 weeks  (got 2)
  ok  - Summary is empty after the purge  (got 1)
  ok  - both weeks recovered from the backup tab  (got 2)
  ok  - oldest week first  (got "2026-06-08")
  ok  - re-summarized both weeks  (got 2)
  ok  - one source-keyed row per week (+header)  (got 3)
  ok  - recent week collapsed to the source  (got "shopify")
  ok  - recent week keeps every dollar (100+50)  (got 150)
  ok  - recent week stays online  (got "online")
  ok  - recent week keeps its department  (got "Roastery")
  ok  - recent week is still revenue  (got "revenue")
  ok  - older week rebuilt too — not left behind  (got 30)
  ok  - re-running the week adds nothing  (got 0)
  ok  - re-running the week updates nothing  (got 0)
  ok  - Summary row count unchanged by the re-run  (got 3)
  ok  - no backup tab → refuses, summarizes nothing  (got 0)

labourWeeklyPull_ dedup:
  ok  - labour rows written to Labour tab  (got 2)
  ok  - labour rows written to Summary  (got 2)
  ok  - Labour tab has header + 2 rows  (got 3)
  ok  - Labour row carries the week Monday  (got "2026-06-15")
  ok  - labour total survives the round-trip  (got 4830.14)
  ok  - re-run adds no Labour tab rows  (got 0)
  ok  - re-run adds no labour Summary rows  (got 0)
  ok  - Labour tab still has header + 2 rows  (got 3)
  ok  - no LABOUR_SHEET_ID → labour skipped  (got 0)
  ok  - no LABOUR_SHEET_ID → supplier summary still lands  (got 1)

weeklySummarize override:
  ok  - Wednesday override snaps to Monday  (got "2026-06-15")
  ok  - week end is the following Sunday  (got "2026-06-21")
  ok  - backlog week actually summarized  (got 1)
  ok  - Summary row carries the snapped Monday  (got "2026-06-15")
  ok  - spend aggregated for the week  (got 150)
  ok  - Monday override is unchanged  (got "2026-06-15")
  ok  - Sunday override snaps back to its Monday  (got "2026-06-15")
  ok  - trigger event → falls back to last completed week  (got "2026-07-27")
  ok  - no arg → last completed week  (got "2026-07-27")
  ok  - re-run adds nothing (dedup)  (got 0)
  ok  - Summary still has exactly 1 data row  (got 2)
  ok  - current week → refused  (got "incomplete-week")
  ok  - refused run summarizes nothing  (got 0)
  ok  - refused run wrote no Summary rows  (got 1)
  ok  - this Monday (week still running) → refused  (got "incomplete-week")
  ok  - a future week → refused  (got "incomplete-week")
  ok  - the most recently COMPLETED week is allowed
  ok  - completed week summarizes normally  (got "2026-07-27")
  ok  - old backlog week still summarizes  (got 1)
  ok  - override run purged nothing (source row intact)  (got 2)
  ok  - override run archived nothing  (got 1)

archiveAndPurge_ blank-row guard:
  ok  - only the genuinely old row is archived  (got 1)
  ok  - blank row survives the purge  (got 3)
  ok  - archive contains just the old row  (got 2)
  ok  - archived row is the old one  (got "Old Co")

staleness pure helpers:
  ok  - parses an ISO string with offset  (got 1784163600000)
  ok  - parses a Date object  (got 1784163600000)
  ok  - blank → null  (got null)
  ok  - null → null  (got null)
  ok  - undefined → null  (got null)
  ok  - garbage → null  (got null)
  ok  - Invalid Date object → null  (got null)
  ok  - newest extracted_at per source wins  (got 1783962000000)
  ok  - a Date-object timestamp is handled  (got 1783738800000)
  ok  - blank source row ignored
  ok  - row with unparseable ts contributes nothing
  ok  - the Sales layout works too (different column indexes)  (got 1784134800000)
  ok  - merge keeps the NEWER timestamp  (got 300)
  ok  - merge keeps non-overlapping keys  (got 500)
  ok  - merge adds new keys  (got 900)
  ok  - merging nothing → empty  (got "{}")
  ok  - exactly 96h is FRESH (strictly greater is stale)  (got false)
  ok  - 97h is stale  (got true)
  ok  - 1h is fresh  (got false)
  ok  - never seen → stale  (got true)
  ok  - never seen → ageHours null  (got null)
  ok  - age is reported  (got 10)
  ok  - Fri 03:00 → Mon 11:00 is 80h  (got 80)
  ok  - a normal weekend gap does NOT alert  (got false)
  ok  - Thu 03:00 → Mon 11:00 is 104h  (got 104)
  ok  - a genuine ~4-day outage DOES alert  (got true)
  ok  - title is stable  (got "LEIBLE expense stale: square")
  ok  - title carries no age/number

staleness heartbeat:
  ok  - heartbeat writes a Script Property
  ok  - heartbeat value is a parseable timestamp
  ok  - a failing Properties store cannot throw out of the heartbeat
  ok  - doPost ingested  (got 1)
  ok  - doPost stamped the heartbeat
  ok  - re-post is all duplicates  (got 0)
  ok  - an all-duplicate run STILL advances the heartbeat (kills the false positive)
  ok  - an invalid payload stamps nothing

staleness square-token exception:
  ok  - no token → no site processed  (got 0)
  ok  - NO heartbeat when every Square site was skipped
  ok  - one token → one site processed  (got 1)
  ok  - heartbeat stamped when a site really ran

staleness alerts:
  ok  - every source is stale on a cold start  (got 8)
  ok  - one event per stale source  (got 8)
  ok  - events are ORANGE
  ok  - events carry a description
  ok  - titles have no varying number
  ok  - re-run creates no duplicate events  (got 0)
  ok  - event count unchanged  (got 8)
  ok  - fresh heartbeats → nothing stale  (got 0)
  ok  - fresh heartbeats → no calendar events  (got 0)
  ok  - no events created at all  (got 0)
  ok  - a recent sheet row alone marks that source fresh
  ok  - other sources remain stale
  ok  - a fresh heartbeat overrides an ancient sheet row
  ok  - a broken calendar does not throw
  ok  - a broken calendar creates no events  (got 0)
  ok  - staleness is still reported when the calendar is down
  ok  - falls back to the default calendar

sales dedup — rowKey_ coerces Date-typed key cols:
  ok  - rowKey_: Date-typed date col matches its YYYY-MM-DD string  (got "2026-07-15||york")
  ok  - first appendSalesRow_ call appends  (got {"appended":true,"updated":false})
  ok  - sheet has header + 1 row after first append  (got 2)
  ok  - re-run on a PRIOR day is recognised as the same key and updated in place  (got {"appended":false,"updated":true})
  ok  - sheet row count unchanged (updated in place, not appended)  (got 2)
  ok  - rowKey_: differing location produces a different key
  ok  - rowKey_: location casing/whitespace still normalizes  (got "2026-07-15||york")

migrateAddDepartment_ / sweepBlankDepartments_:
  ok  - dry run: Suppliers headerAction=add (would add)  (got "add")
  ok  - dry run: Suppliers blanksFilled=2 (both rows would be filled)  (got 2)
  ok  - dry run writes NOTHING (sheet bytes unchanged)  (got "[[\"date\",\"supplier\",\"total\",\"invoice_ref\",\"location\",\"source\",\"extracted_at\"],[\"2026-06-14T14:00:00.000Z\",\"Food and Dairy Co\",100,\"A1\",\"York St\",\"food_dairy_co\",\"x\"],[\"2026-06-15T14:00:00.000Z\",\"Butterboy\",80,\"B1\",\"York St\",\"ordermentum\",\"x\"]]")
  ok  - dry run creates no Revenue tab
  ok  - apply: Suppliers headerAction=add  (got "add")
  ok  - apply: header gains department  (got "department")
  ok  - apply: row count unchanged  (got 3)
  ok  - apply: data row 1 backfilled to Cafe  (got "Cafe")
  ok  - apply: data row 2 backfilled to Cafe  (got "Cafe")
  ok  - _staging header gains department  (got "department")
  ok  - _staging data backfilled to Cafe  (got "Cafe")
  ok  - _archive header gains department  (got "department")
  ok  - _archive data backfilled to Cafe  (got "Cafe")
  ok  - Sales header gains department  (got "department")
  ok  - Sales data backfilled to Cafe  (got "Cafe")
  ok  - Labour header gains department  (got "department")
  ok  - Labour data backfilled to Cafe  (got "Cafe")
  ok  - apply creates the Revenue tab
  ok  - Revenue tab has exactly REVENUE_HEADERS  (got ["date","department","channel","customer","amount","order_ref","source","extracted_at"])
  ok  - second run: Suppliers headerAction=present (skipped)  (got "present")
  ok  - second run: no data change  (got "[[\"date\",\"supplier\",\"total\",\"invoice_ref\",\"location\",\"source\",\"extracted_at\",\"department\"],[\"2026-06-14T14:00:00.000Z\",\"Food and Dairy Co\",100,\"A1\",\"York St\",\"food_dairy_co\",\"x\",\"Cafe\"],[\"2026-06-15T14:00:00.000Z\",\"Butterboy\",80,\"B1\",\"York St\",\"ordermentum\",\"x\",\"Cafe\"]]")
  ok  - second run: exactly one department column in the header  (got 1)
  ok  - blank-only fill: pre-set Roastery value untouched  (got "Roastery")
  ok  - blank-only fill: blank rows still backfilled to Cafe  (got "Cafe")
  ok  - migrateAddDepartment_ re-run short-circuits on the header guard (sweeps nothing)  (got 0)
  ok  - ...so the mid-window row is still blank  (got undefined)
  ok  - sweep fills exactly the one blank row  (got 1)
  ok  - mid-window row now reads Cafe  (got "Cafe")
  ok  - every other row unchanged  (got "Cafe")
  ok  - row count unchanged by the sweep  (got 4)
  ok  - dry-run report has {tab, headerAction, blanksFilled} shape  (got ["blanksFilled","headerAction","tab"])
  ok  - apply report has the SAME shape  (got ["blanksFilled","headerAction","tab"])
  ok  - post-migration doGet returns department  (got "Cafe")
  ok  - post-migration doGet returns kind  (got "spend")
  ok  - post-migration doGet returns total  (got 300)

migration editor wrappers:
  ok  - all four wrappers take zero declared args  (got [0,0,0,0])
  ok  - DryRun wrapper returns the report  (got "add")
  ok  - DryRun wrapper writes NOTHING  (got "[[\"date\",\"supplier\",\"total\",\"invoice_ref\",\"location\",\"source\",\"extracted_at\"],[\"2026-06-14T14:00:00.000Z\",\"Food and Dairy Co\",100,\"A1\",\"York St\",\"food_dairy_co\",\"x\"]]")
  ok  - DryRun wrapper creates no Revenue tab
  ok  - Apply wrapper returns the report  (got "add")
  ok  - Apply wrapper WRITES the header  (got "department")
  ok  - Apply wrapper WRITES the backfill  (got "Cafe")
  ok  - Apply wrapper creates the Revenue tab
  ok  - Sweep DryRun reports the blank row  (got 1)
  ok  - Sweep DryRun writes NOTHING  (got "")
  ok  - Sweep Apply reports the blank row  (got 1)
  ok  - Sweep Apply WRITES the fill  (got "Cafe")

ingest — legacy back-compat, revenue kind, upsert:
  ok  - legacy payload → ok  (got "ok")
  ok  - legacy payload: columns 0-6 byte-identical to pre-change shape  (got ["2026-07-01","Food and Dairy Co",45,"LEG-1","York St","food_dairy_co","TS"])
  ok  - legacy payload: department defaults to Cafe  (got "Cafe")
  ok  - revenue payload → ok  (got "ok")
  ok  - revenue payload → rowsAdded 1  (got 1)
  ok  - revenue row lands in Revenue, in REVENUE_HEADERS order  (got ["2026-07-01","Roastery","wholesale","Acme Cafe",500,"ORD-1","wholesale_app","TS"])
  ok  - Suppliers row count unchanged by a revenue POST  (got 1)
  ok  - re-POST identical rows → rowsAdded 0  (got 0)
  ok  - re-POST identical rows → duplicatesSkipped 1  (got 1)
  ok  - upsert changed amount → rowsUpdated 1  (got 1)
  ok  - upsert changed amount → rowsAdded 0  (got 0)
  ok  - upsert: row count unchanged (header + 1)  (got 2)
  ok  - upsert: amount updated to 300  (got 300)
  ok  - upsert: extracted_at updated  (got "T2")
  ok  - unchanged-amount re-post → duplicatesSkipped 1  (got 1)
  ok  - unchanged-amount re-post → rowsUpdated 0  (got 0)
  ok  - unchanged-amount re-post: extracted_at NOT overwritten  (got "T2")
  ok  - upsert across a Date-valued key column still matches (updates, not appends)  (got {"rowsAdded":0,"rowsUpdated":1,"duplicatesSkipped":0})
  ok  - sheet row count unchanged  (got 2)
  ok  - amount updated via the Date-keyed match  (got 150)
  ok  - revenue row missing order_ref → rejected
  ok  - revenue row non-numeric amount → rejected
  ok  - revenue row missing customer → rejected
  ok  - rejection message names the row index
  ok  - department:'Roastry' (typo) → rejected

Sales/Labour/Summary — department + upsert reach:
  ok  - squareDailyPull row department = Cafe  (got "Cafe")
  ok  - labour tab row lands with department Cafe  (got "Cafe")
  ok  - labour Summary row: department Cafe  (got "Cafe")
  ok  - labour Summary row: kind spend  (got "spend")
  ok  - labour survives &department=Cafe filter
  ok  - same-day re-run with a different gross is skipped  (got {"appended":false,"updated":false})
  ok  - same-day row NOT overwritten  (got 100)
  ok  - first summarize adds 1 Summary row  (got 1)
  ok  - Summary total before amendment  (got 100)
  ok  - re-summarize reaches the amended amount (summariesUpdated=1)  (got 1)
  ok  - Summary row count unchanged  (got 2)
  ok  - Summary total reflects the amended amount  (got 175)
  ok  - both a spend row and a revenue row are summarized  (got 2)
  ok  - spend row: department Cafe, total 100  (got "Cafe|100")
  ok  - revenue row: department Roastery, total 500  (got "Roastery|500")
  ok  - revenue never netted against spend (two distinct rows, not one combined)
  ok  - a week of online orders → 1 Summary row, not 1 per order  (got 1)
  ok  - doGet returns the single weekly Roastery figure  (got 1)
  ok  - ...supplier is the source  (got "shopify")
  ok  - ...total is the week sum  (got 230.5)
  ok  - first summarize adds the online revenue row  (got 1)
  ok  - re-summarize appends nothing (key is stable)  (got 0)
  ok  - Summary row count unchanged across runs  (got 2)
  ok  - amended online revenue updates in place  (got 1)
  ok  - ...and still appends nothing  (got 0)
  ok  - Summary row count still unchanged  (got 2)
  ok  - Summary total reflects the amendment  (got 99)
  ok  - legacy customer-keyed row is NOT updated — it is orphaned (2 rows)  (got 2)
  ok  - the same 62.00 is now counted twice — hence the pre-deploy cleanup
  ok  - mixed channel casing collapses to ONE Summary row  (got 1)
  ok  - ...and 100 is silently lost: reports 25, not the 125 sum  (got 25)
  ok  - &department=Roastery returns only Roastery rows  (got 1)
  ok  - ...and it is the Roastery row  (got "Roastery")
  ok  - no department filter → all rows  (got 2)

shopify — shopifyOrdersToRows_ (pure):
  ok  - gross extraction uses current_total_price, not total_price  (got 123.45)
  ok  - named customer -> "First Last"  (got "Jane Doe")
  ok  - guest checkout -> "#<order_number>"  (got "#1002")
  ok  - Sydney-midnight-boundary order lands on the Sydney day, not the UTC day  (got "2026-07-15")
  ok  - every row is order-level revenue: channel=online, department=Roastery  (got "online|Roastery")
  ok  - order_ref is the Shopify order id, stringified  (got "111")

shopify — shopifyParseLinkHeader_ (pure, multi-page Link handling):
  ok  - extracts rel="next" URL from a multi-link header  (got "https://x/orders.json?page_info=def")
  ok  - no rel="next" on the last page -> null  (got null)
  ok  - no Link header at all -> null  (got null)

shopify — shopifyFetchAllOrders_ (multi-page Link handling, integration):
  ok  - a single-request implementation would truncate at page 1 (2 orders); pagination follows Link to get all 3  (got 3)
  ok  - the second request actually followed the parsed next URL  (got "https://shop.myshopify.com/admin/api/2024-10/orders.json?page_info=NEXT")

shopify — refund upserts a lower amount via the shared ingest (ingestRevenueRows/upsertRows_):
  ok  - first pull: rowsAdded 1  (got 1)
  ok  - re-pull after a partial refund: rowsAdded 0  (got 0)
  ok  - re-pull after a partial refund: rowsUpdated 1 (same order_ref, changed amount)  (got 1)
  ok  - Revenue row now reflects the refunded (lower) amount  (got 150)

shopify — shopifyDailyPull_impl_ end-to-end (missing token + full pull):
  ok  - missing SHOPIFY_SHOP_DOMAIN/SHOPIFY_ACCESS_TOKEN -> noToken, no rows written  (got "true|0")
  ok  - full pull: rowsAdded 1  (got 1)
  ok  - row lands in Revenue via the shared ingest, in REVENUE_HEADERS order (date..source)  (got ["2026-07-15","Roastery","online","#3001",42.5,"555","shopify"])
  ok  - extracted_at stamp is a non-empty string

recurring — recurringSlug_ (pure, deterministic + stable):
  ok  - em-dash + spaces collapse to single hyphens  (got "rent-roastery")
  ok  - plain word lowercases  (got "shopify")
  ok  - same input always yields the same output  (got "rent-roastery")
  ok  - leading/trailing junk trimmed  (got "rent")

recurring — invoice_ref generation deterministic and slug-stable:
  ok  - two configured entries -> 2 rows added  (got 2)
  ok  - deterministic refs match vendor slug + period, matching the plan example  (got ["rent-roastery-2026-08","shopify-2026-08"])

recurring — missing script property -> skipped, never written as 0:
  ok  - only the configured entry is written  (got 1)
  ok  - the missing entry is reported skipped, not silently zeroed  (got ["Shopify"])
  ok  - no zero-amount row was written for Shopify (header + 1 data row only)  (got 2)

recurring — running the generator twice in the same month: no duplicate rows, no doubled total (the crux of this phase):
  ok  - first run: 2 rows added  (got 2)
  ok  - second run same period: 0 rows added  (got 0)
  ok  - second run same period: unchanged amount -> 0 updated (upsertRows_ no-op, not a duplicate write)  (got 0)
  ok  - second run same period: 2 rows recognised as duplicates, not appended  (got 2)
  ok  - still exactly 2 data rows after two runs — NOT 4  (got 3)
  ok  - total is NOT doubled (2500 + 79, once)  (got 2579)

recurring — an amount change upserts the existing row instead of adding a new one:
  ok  - changed amount: 0 added, 1 updated  (got "0|1")
  ok  - rent row now reflects the new amount  (got 2600)
  ok  - still only one rent row (upsert, not append)  (got 3)

recurring — a monthly entry yields exactly 12 rows across a simulated year:
  ok  - 12 distinct monthly periods -> 12 data rows (header + 12)  (got 13)

recurring — no periodStr arg defaults to the current month (Australia/Sydney):
  ok  - defaults to 2026-08  (got "2026-08")

recurring — a held script lock is reported, not silently swallowed:
  ok  - locked run reports locked:true and writes nothing  (got "true|0")

recurring — installRecurringTrigger runs without throwing (monthly ClockTriggerBuilder chain):
  ok  - installRecurringTrigger does not throw

staleness — every heartbeat source is watched:
  ok  - square stamps a heartbeat and is watched
  ok  - mayers stamps a heartbeat and is watched
  ok  - shopify stamps a heartbeat and is watched
  ok  - roastery stamps a heartbeat and is watched
  ok  - recurring is deliberately NOT watched (monthly cadence exceeds STALENESS_THRESHOLD_HOURS)
  ok  - shopspend is deliberately NOT watched (weekly cadence exceeds STALENESS_THRESHOLD_HOURS)

coffee order app — ingest contract:
  ok  - coffee_order_app is a staleness watchdog source
  ok  - wholesale revenue payload → ok  (got "ok")
  ok  - wholesale revenue payload → rowsAdded 1  (got 1)
  ok  - revenue row lands in REVENUE_HEADERS order  (got ["2026-08-03","Roastery","wholesale","Cafe X",340,"ORD-1182","coffee_order_app","2026-08-03T09:00:00+10:00"])
  ok  - uploaded invoice payload → ok  (got "ok")
  ok  - uploaded invoice payload → rowsAdded 1  (got 1)
  ok  - supplier row lands in SUPPLIERS_HEADERS order, supplier taken from the row not SUPPLIER_NAMES  (got ["2026-08-01","Green Bean Co",1840,"coa-8823","","coffee_order_app","2026-08-03T09:00:00+10:00","Roastery"])
  ok  - coffee_order_app has no SUPPLIER_NAMES entry (per-row supplier is required)
  ok  - missing order_ref → rejected
  ok  - bad department ('Kitchen') → rejected
  ok  - amount as a (non-numeric) string → rejected

shopSpend — tabs and constants (step 1):
  ok  - SHOPSPEND_TAB  (got "ShopSpend")
  ok  - SHOPSPEND_PULLS_TAB  (got "ShopSpendPulls")
  ok  - SHOPSPEND_REPORT_TAB  (got "ShopSpend Report")
  ok  - SHOPSPEND_HEADERS has 14 entries
  ok  - SHOPSPEND_HEADERS[0] is shop_id
  ok  - SHOPSPEND_HEADERS[1] is week_label
  ok  - SHOPSPEND_HEADERS ends in presence
  ok  - SHOPSPEND_PULLS_HEADERS has 21 entries
  ok  - SHOPSPEND_PULLS_HEADERS[0] is fetched_at
  ok  - SHOPSPEND_PULLS_HEADERS ends in diagnostics_json
  ok  - SHOPSPEND_KEY_COLS[0] indexes shop_id
  ok  - SHOPSPEND_KEY_COLS[1] indexes week_label
  ok  - ensureShopSpendTabs_ is defined
  ok  - ensureShopSpendTabs_ returns a data sheet
  ok  - ensureShopSpendTabs_ returns a pulls sheet
  ok  - ensureShopSpendTabs_ returns a report sheet
  ok  - ShopSpend row 1 equals SHOPSPEND_HEADERS  (got ["shop_id","week_label","week_start","week_end","order_count","amended_count","total_ex_gst","gst","total_inc_gst","gst_treatment","environment","fetched_at","source","presence"])
  ok  - ShopSpendPulls row 1 equals SHOPSPEND_PULLS_HEADERS  (got ["fetched_at","environment","from_week","to_week","matched","returned","truncated","warnings_count","warnings","unpriced_sku_count","unpriced_skus","amended_count","possible_duplicate_shop_names","empty_range_with_invalid_labels","invalid_week_labels","gst_treatment","diverges_from_live_pricing","matches_live_pricing","total_orders_scanned","absent_shop_ids","diagnostics_json"])
  ok  - ShopSpend has exactly 1 row (header only, no phantom blank row)  (got 1)
  ok  - re-call: ShopSpend row count unchanged  (got 1)
  ok  - re-call: ShopSpend header row unchanged  (got ["shop_id","week_label","week_start","week_end","order_count","amended_count","total_ex_gst","gst","total_inc_gst","gst_treatment","environment","fetched_at","source","presence"])
  ok  - re-call: same sheet objects returned, nothing new created
  ok  - Suppliers headers unchanged  (got ["date","supplier","total","invoice_ref","location","source","extracted_at","department"])
  ok  - Sales headers unchanged  (got ["date","location","gross_sales","source","extracted_at","department"])
  ok  - Revenue tab NOT created as a side effect of ensureShopSpendTabs_
  ok  - Summary tab NOT created as a side effect of ensureShopSpendTabs_

doPost — shopspend kind (step 2):
  ok  - well-formed shopspend payload → ok  (got "ok")
  ok  - rowsAdded equals row count  (got 2)
  ok  - ShopSpend has header + 2 rows  (got 3)
  ok  - row 1 lands in SHOPSPEND_HEADERS order  (got ["shop_1","2026-W31","2026-07-27","2026-08-02",12,1,500,0,500,"EXCLUSIVE_PRIMARY","prod","2026-08-03T09:00:00+10:00","shopspend","present"])
  ok  - row 2 (no per-row fetched_at) falls back to extracted_at  (got "2026-08-03T09:30:00+10:00")
  ok  - row 2 presence defaults to present  (got "present")
  ok  - unknown kind → error  (got "error")
  ok  - unknown kind → message names it  (got "unknown kind: nonsense")
  ok  - missing shop_id → rejected
  ok  - week_label '2026-W7' (single-digit week) → rejected
  ok  - week_label '26-W07' (2-digit year) → rejected
  ok  - non-numeric total_ex_gst → rejected
  ok  - missing week_start → rejected
  ok  - rejection message names the offending row index (row 1)
  ok  - shopspend row without date → rejected
  ok  - ...via the generic shared missing-date message
  ok  - weeks_complete as a JSON string → rejected
  ok  - weeks_complete as a nested array → rejected
  ok  - weeks_complete with a bogus label → rejected
  ok  - weeks_complete with a valid label → accepted
  ok  - weeks_verified_empty as a JSON string → rejected
  ok  - weeks_verified_empty as a nested array → rejected
  ok  - weeks_verified_empty with a bogus label → rejected
  ok  - weeks_verified_empty naming a week absent from weeks_complete → rejected
  ok  - weeks_verified_empty naming a week with >=1 row in the same payload → rejected
  ok  - weeks_verified_empty valid (declared complete, no rows for it) → accepted
  FAIL- isValidWeekLabelArray_(['2026-W00']) → false (week 00 out of range)
  FAIL- isValidWeekLabelArray_(['2026-W54']) → false (week 54 out of range)
  FAIL- isValidWeekLabelArray_(['2026-W99']) → false (week 99 out of range)
  ok  - isValidWeekLabelArray_(['2026-W01']) → true (lower bound)
  ok  - isValidWeekLabelArray_(['2026-W53']) → true (upper bound — ISO years can have 53 weeks)
  ok  - isValidWeekLabelArray_(['2020-W01']) → true (the live-probe label)
  FAIL- weeks_complete with out-of-range week (2026-W00) → rejected with invalid weeks_complete message  (got undefined)
  ok  - suppliers row missing invoice_ref → still rejected
  ok  - revenue row missing order_ref → still rejected
  ok  - valid suppliers payload still succeeds  (got "ok")
  ok  - ...and writes to Suppliers
  ok  - valid revenue payload still succeeds  (got "ok")
  ok  - ...and writes to Revenue
  ok  - shopspend response → ok  (got "ok")
  ok  - tombstonesWritten present on shopspend response
  ok  - tombstonesSkipped present on shopspend response
  ok  - tombstonesWritten is 0 for a first, non-tombstoning pull  (got 0)
  ok  - tombstonesSkipped is an empty array when nothing was skipped  (got [])
  ok  - tombstonesWritten omitted on a suppliers response
  ok  - tombstonesSkipped omitted on a suppliers response
  ok  - tombstonesWritten omitted on a revenue response
  ok  - tombstonesSkipped omitted on a revenue response
  ok  - successful shopspend post stamps the shopspend heartbeat
  ok  - shopspend payload with pull → ok  (got "ok")
  ok  - data written as a single block write before the pulls row (commit-marker ordering)
  ok  - exactly one row appended to ShopSpendPulls  (got 2)
  ok  - pulls row lands in SHOPSPEND_PULLS_HEADERS order  (got ["2026-08-03T09:30:00+10:00","prod","2026-W30","2026-W31",2,2,false,0,"[]",0,"[]",1,"[]",false,"[]","EXCLUSIVE_PRIMARY",false,true,17,"[]","{}"])

ingestShopSpendRows — change detection (step 3):
  ok  - first pull: rowsAdded  (got 3)
  ok  - first pull: duplicatesSkipped  (got 0)
  ok  - first pull: rowsUpdated is always 0  (got 0)
  ok  - identical re-pull: rowsAdded  (got 0)
  ok  - identical re-pull: duplicatesSkipped  (got 3)
  ok  - identical re-pull: rowsUpdated is always 0  (got 0)
  ok  - identical re-pull: tab row count unchanged (header + 3)  (got 4)
  ok  - changed figure: rowsAdded  (got 1)
  ok  - changed figure: duplicatesSkipped  (got 2)
  ok  - changed figure: tab now holds header + 4 rows  (got 5)
  ok  - both shop_1 snapshots (old + new) are present  (got 2)
  ok  - old shop_1 snapshot is unmodified (total_ex_gst still 500)  (got 500)
  ok  - new shop_1 snapshot carries the changed figure (total_ex_gst 999)  (got 999)
  ok  - order_count change alone → appends  (got 1)
  ok  - amended_count change alone → appends  (got 1)
  ok  - total_ex_gst change alone → appends  (got 1)
  ok  - gst change alone → appends  (got 1)
  ok  - total_inc_gst change alone → appends  (got 1)
  ok  - numerically-equal figure sent as a different string type is NOT a change  (got 0)
  ok  - ...and counts as a duplicate  (got 1)
  ok  - DST fixture: first row appends  (got 1)
  ok  - DST fixture: second row (changed figure) appends  (got 1)
  ok  - DST fixture: latest = append order — re-pull matching row B is unchanged  (got 0)
  ok  - ...and counted as a duplicate  (got 1)
  ok  - tombstone setup: pull A appends both shops  (got 2)
  ok  - tombstone: pull B declares 2026-W31 complete, missing shopTombY → appends exactly one tombstone  (got 1)
  ok  - tombstone: shopTombX itself is unchanged (duplicate)  (got 1)
  ok  - tombstone: tombstonesWritten reflects the one write  (got 1)
  ok  - tombstone: nothing skipped by the breaker (below the 5-shop floor)  (got [])
  ok  - tombstone row key is shopTombY / 2026-W31  (got ["shopTombY","2026-W31"])
  ok  - tombstone row presence is absent  (got "absent")
  ok  - tombstone row figures are all zero  (got [0,0,0,0,0])
  ok  - week not declared complete: missing shopUndY is NOT tombstoned  (got 0)
  ok  - week not declared complete: tombstonesWritten is 0  (got 0)
  ok  - weeks_complete absent + rows present → a Logger warning is logged
  ok  - shopUndY row is still present, untouched  (got "present")
  ok  - weeks_complete absent + rows EMPTY → no warning (nothing to warn about)
  ok  - scoped pull: only the new week-31 row is appended (shopOldWeekA is a duplicate)  (got 1)
  ok  - scoped pull: tombstonesWritten is 0 — week 30 has rows but is not declared complete  (got 0)
  ok  - shopOldWeekB / 2026-W30 row is untouched (still present) — week 30 not declared complete  (got "present")
  ok  - no double tombstone: shopTombY already absent → no new row for it  (got 0)
  ok  - ...shopTombX unchanged → duplicate  (got 1)
  ok  - no double tombstone: tombstonesWritten is 0  (got 0)
  ok  - reappearance: shopTombY returns → appends a fresh present row  (got 1)
  ok  - reappearance: shopTombX still unchanged → duplicate  (got 1)
  ok  - shopTombY snapshot history is present, absent, present  (got ["present","absent","present"])
  ok  - empty payload: rowsAdded  (got 0)
  ok  - empty payload: duplicatesSkipped  (got 0)
  ok  - empty payload: tab row count unchanged (header + 1)  (got 2)
  ok  - empty payload: existing shopZ row is still present, untombstoned  (got "present")
  ok  - single block write: exactly one write call for 3 new rows  (got 1)
  ok  - ...and it is a setValues() call, not per-row appendRow()  (got "setValues")
  ok  - ...covering all 3 rows in one call  (got 3)
  ok  - changed row + tombstone still land in a single block write  (got 2)
  ok  - the second call covers both the changed row and the tombstone  (got 2)
  ok  - an all-duplicate pull issues no write call at all  (got 1)
  ok  - week_start round-trips via cellDate  (got "2026-07-27")
  ok  - week_end round-trips via cellDate  (got "2026-08-02")

ingestShopSpendRows — weeks_complete tombstone gating + breaker (step 1):
  ok  - C1 repro: half 1 writes zero tombstones  (got 0)
  ok  - C1 repro: half 2 writes zero tombstones (does not tombstone half 1s shops)  (got 0)
  ok  - C1 repro: exactly header + 4 data rows, no tombstone rows appended  (got 5)
  ok  - C1 repro: all four shops remain present
  ok  - C1 repro: identical re-post of half 1 appends nothing  (got 0)
  ok  - C1 repro: identical re-post writes zero tombstones  (got 0)
  ok  - identical re-post of a complete week: rowsAdded is 0  (got 0)
  ok  - identical re-post of a complete week: tombstonesWritten is 0  (got 0)
  ok  - identical re-post of a complete week: duplicatesSkipped is 2  (got 2)
  ok  - truncated label 2026-W3 does not match 2026-W31 — no tombstone  (got 0)
  ok  - truncated label: shopTruncB (missing from payload) is not tombstoned  (got 0)
  ok  - shopTruncB stays present  (got "present")
  ok  - below the 5-shop floor: 100% unverified still writes (floor not met)  (got 3)
  ok  - below the 5-shop floor: nothing skipped  (got [])
  ok  - unverified 100% with 5 present (>= floor): breaker skips, tombstonesWritten 0  (got 0)
  ok  - unverified 100% with 5 present: rowsAdded 0 (skip means no tombstone rows land)  (got 0)
  ok  - unverified 100% with 5 present: week appears in tombstonesSkipped  (got [{"week":"2026-W31","wouldHaveWritten":5,"present":5}])
  ok  - unverified 100% with 5 present: all 5 shops remain present (suppressed, not written)
  ok  - sticky skip: still suppressed  (got 0)
  ok  - breaker skip is Logger.logged, not only returned on the wire
  ok  - exactly 50% missing (not more than half): still writes  (got 50)
  ok  - exactly 50%: nothing skipped  (got [])
  ok  - 51% missing (more than half): breaker skips  (got 0)
  ok  - 51% missing: week reported in tombstonesSkipped  (got [{"week":"2026-W31","wouldHaveWritten":51,"present":100}])
  ok  - sticky skip: pull 1 skips  (got 0)
  ok  - sticky skip: pull 1 reports the week skipped  (got [{"week":"2026-W31","wouldHaveWritten":5,"present":5}])
  ok  - sticky skip: pull 2 (identical) skips again  (got 0)
  ok  - sticky skip: pull 2 reports the week skipped again (non-self-healing)  (got [{"week":"2026-W31","wouldHaveWritten":5,"present":5}])
  ok  - rows:[] + weeks_complete + weeks_verified_empty does not throw
  ok  - verified-empty week: tombstones every present shop (100%, breaker exempt)  (got 5)
  ok  - verified-empty week: nothing skipped  (got [])
  ok  - belt-and-braces: a rows-carrying "verified empty" week is NOT treated as exempt — breaker still applies  (got 0)
  ok  - belt-and-braces: the week is reported skipped, not silently 100%-tombstoned  (got [{"week":"2026-W31","wouldHaveWritten":5,"present":5}])

docs/api.md — tombstone fields + confirmation procedure (step 1):
  ok  - docs/api.md documents tombstonesWritten
  ok  - docs/api.md documents tombstonesSkipped
  ok  - docs/api.md documents a mass-absence confirmation procedure

shopSpend — report builder (step 6):
  ok  - shopSpendReportBlock_ is defined
  ok  - buildShopSpendReport is defined
  ok  - grid header row found (first cell literal "Shop")
  ok  - week columns sorted numerically: W9, W10, W52, then 2027-W01  (got ["2026-W9","2026-W10","2026-W52","2027-W01"])
  ok  - contrast: a lexicographic string sort of the same labels puts 2026-W10 before 2026-W9 — proving the grid is NOT string-sorted
  ok  - shop row found
  ok  - latest (last-appended) snapshot wins — cell shows 999, not 500
  ok  - DST fixture: shop row found
  ok  - DST fixture: latest = append order — resolves to the SECOND row (222), not the first (111)
  ok  - no unpriced-SKU banner
  ok  - no amended-orders banner
  ok  - no duplicate-shop-names banner
  ok  - no absent/stale banner
  ok  - no unconfirmed cells
  ok  - always: GST treatment stated on the tab
  ok  - always: gst:0-is-normal note mentions GST-free SKUs
  ok  - always: drift wording present, never "stale pricing"
  ok  - always: default (unassessed) pull renders "not assessed", never "matches" or "diverges"
  ok  - always: confirmed-orders-only note excludes Shopify/online
  ok  - always: last fetched_at shown
  ok  - "" renders "not assessed", never "matches" and never "diverges"
  ok  - "" case never labelled "stale pricing"
  ok  - undefined renders "not assessed" too (legacy/short row from the Sheet)
  ok  - legacy true renders "diverges", never "stale pricing" or "not assessed"
  ok  - legacy false renders "matches", never "not assessed" or "diverges"
  ok  - warning 1 listed verbatim
  ok  - warning 2 listed verbatim
  ok  - banner names the count and says line items were skipped entirely
  ok  - rendered total carries the ~ marker
  ok  - banner names exactly 1 amended shop-week, marked provisional
  ok  - amended shop-week cell is marked
  ok  - non-amended shop-week cell is NOT marked
  ok  - banner states fix upstream, NOT merged automatically
  ok  - both flagged names listed
  ok  - both shop_ids remain two SEPARATE grid rows (never auto-merged)
  ok  - no cell renders as literal "$0" anywhere in the block
  ok  - no cell is the bare number 0
  ok  - shopE1's missing 2026-W32 cell reads 'unconfirmed'
  ok  - shopE2's missing 2026-W31 cell reads 'unconfirmed'
  ok  - banner names exactly 1 absent shop-week and calls the value stale
  ok  - absent latest snapshot renders as 'stale', not a dollar figure
  ok  - buildShopSpendReport returns something
  ok  - exactly two write calls on the Report tab (clear + set)  (got 2)
  ok  - first call is clearContents  (got "clearContents")
  ok  - second call is a single setValues (not per-row appendRow)  (got "setValues")
  ok  - a held lock is reported (refused:"locked") and nothing is written
  ok  - ShopSpend tab byte-identical after a rebuild  (got [["shop_id","week_label","week_start","week_end","order_count","amended_count","total_ex_gst","gst","total_inc_gst","gst_treatment","environment","fetched_at","source","presence"],["shopNM1","2026-W31","2026-07-26T14:00:00.000Z","2026-08-01T14:00:00.000Z",12,1,500,0,500,"EXCLUSIVE_PRIMARY","prod","T1","shopspend","present"],["shopNM2","2026-W32","2026-07-26T14:00:00.000Z","2026-08-01T14:00:00.000Z",12,1,500,0,300,"EXCLUSIVE_PRIMARY","prod","T1","shopspend","present"]])
  ok  - ShopSpendPulls tab byte-identical after a rebuild  (got [["fetched_at","environment","from_week","to_week","matched","returned","truncated","warnings_count","warnings","unpriced_sku_count","unpriced_skus","amended_count","possible_duplicate_shop_names","empty_range_with_invalid_labels","invalid_week_labels","gst_treatment","diverges_from_live_pricing","matches_live_pricing","total_orders_scanned","absent_shop_ids","diagnostics_json"],["2026-08-03T09:30:00+10:00","prod","2026-W30","2026-W31",1,1,false,0,"[]",0,"[]",0,"[]",false,"[]","EXCLUSIVE_PRIMARY","","",10,"[]","{}"]])

shopSpend — watchdog and trigger (step 7):
  ok  - shopSpendCoveredWeeks_ is defined
  ok  - shopSpendWatchdogEvaluate_ is defined
  ok  - shopSpendWatchdog is defined
  ok  - installShopSpendWatchdogTrigger is defined
  ok  - shopspend is NOT in STALENESS_SOURCES (global 96h threshold would false-alarm a 168h cadence)
  ok  - expands + merges overlapping spans, sorted + deduped  (got ["2026-W29","2026-W30","2026-W31","2026-W32"])
  ok  - empty pulls tab yields [], not an error or null  (got [])
  ok  - a pull spanning the just-closed week -> covered:true
  ok  - weekLabel resolves to the just-closed ISO week  (got "2026-W31")
  ok  - lastPullMs reflects the pull's fetched_at  (got 1785697200000)
  ok  - no covering pulls row -> covered:false
  ok  - weekLabel is still the just-closed week  (got "2026-W31")
  ok  - lastPullMs still reports the newest pull seen (even though it doesn't cover)  (got 1785092400000)
  ok  - a pull for an unrelated week does not satisfy coverage
  ok  - cold start -> covered:false
  ok  - cold start -> lastPullMs null (mirrors stalenessEvaluate_'s never-seen convention)  (got null)
  ok  - shopSpendWatchdogEvaluate_.covered agrees with shopSpendCoveredWeeks_ for the same fixture  (got true)
  ok  - ...and that agreement is a real "covered" (true), not both trivially false
  ok  - first Monday of Jan 2027 resolves the just-closed week to 2026-W53, not 2027-W00/W01  (got "2026-W53")
  ok  - covered week: no calendar event raised  (got 0)
  ok  - missing week: exactly one calendar event raised  (got 1)
  ok  - alert title matches the shopspend source (stable, no varying number)  (got "LEIBLE expense stale: shopspend")
  ok  - alert is ORANGE like every other staleness alert
  ok  - cold start: exactly one calendar event raised  (got 1)
  ok  - cold start: description uses the never-seen wording (ageHours: null)
  ok  - malformed pulls rows + a broken calendar never throw out of the handler
  ok  - an event-object argument does not throw
  ok  - shopSpendWatchdog(eventObject) behaves identically to shopSpendWatchdog() (same alert count)  (got 1)
  ok  - installing twice leaves exactly one trigger for shopSpendWatchdog  (got 1)
  ok  - trigger is MONDAY  (got 2)
  ok  - trigger is hour 14  (got 14)
  ok  - trigger is Australia/Sydney  (got "Australia/Sydney")

doGet — fn dispatch + shopspendCoverage (step 8):
  ok  - no fn: result ok  (got "ok")
  ok  - no fn: count  (got 2)
  ok  - no fn: week_start  (got "2026-06-15")
  ok  - no fn: week_end  (got "2026-06-21")
  ok  - no fn: first row supplier  (got "Food and Dairy Co")
  ok  - no fn: first row total_spend  (got 300)
  ok  - fn=summary matches omitted-fn response  (got {"result":"ok","week_start":"2026-06-15","week_end":"2026-06-21","count":2,"rows":[{"week_start":"2026-06-15","week_end":"2026-06-21","supplier":"Food and Dairy Co","location":"York St","total_spend":300,"summarized_at":"TS"},{"week_start":"2026-06-15","week_end":"2026-06-21","supplier":"Butterboy","location":"York St","total_spend":80,"summarized_at":"TS"}]})
  ok  - shopspendCoverage: result ok  (got "ok")
  ok  - shopspendCoverage: count  (got 3)
  ok  - shopspendCoverage: weeks match shopSpendCoveredWeeks_ span expansion  (got ["2026-W29","2026-W30","2026-W31"])
  ok  - empty ShopSpendPulls: result ok (not error)  (got "ok")
  ok  - empty ShopSpendPulls: count 0  (got 0)
  ok  - empty ShopSpendPulls: weeks []  (got [])
  ok  - missing ShopSpendPulls tab: result ok (not error)  (got "ok")
  ok  - missing ShopSpendPulls tab: count 0  (got 0)
  ok  - missing ShopSpendPulls tab: weeks []  (got [])
  ok  - coverage path: missing token → error  (got "error")
  ok  - coverage path: missing token → unauthorized message  (got "unauthorized")
  ok  - coverage path: bad token → error  (got "error")
  ok  - coverage path: bad token → unauthorized message  (got "unauthorized")
  ok  - unknown fn: result error  (got "error")
  ok  - unknown fn: response has no rows array (did not fall through to Summary)
  ok  - unknown fn + bad token: still unauthorized, not an unknown-fn error  (got "unauthorized")

doPost — weeks_verified_empty token gate (step 0):
  ok  - no token field: result error  (got "error")
  ok  - no token field: message unauthorized  (got "unauthorized")
  ok  - wrong token: result error  (got "error")
  ok  - wrong token: message unauthorized  (got "unauthorized")
  ok  - correct token: result ok  (got "ok")
  ok  - correct token: tombstonesWritten present
  ok  - correct token: tombstonesSkipped present
  ok  - empty weeks_verified_empty array, no token: result error  (got "error")
  ok  - empty weeks_verified_empty array, no token: still unauthorized  (got "unauthorized")
  ok  - field absent, shopspend payload: result ok  (got "ok")
  ok  - field absent, suppliers payload: result ok  (got "ok")
  ok  - property unset: result error  (got "error")
  ok  - property unset: message unauthorized (fail-closed)  (got "unauthorized")
  ok  - malformed weeks_verified_empty, no token: result error  (got "error")
  ok  - malformed weeks_verified_empty, no token: unauthorized (not validation error)  (got "unauthorized")
  ok  - malformed weeks_verified_empty, correct token: result error  (got "error")
  ok  - malformed weeks_verified_empty, correct token: validation error surfaces  (got "invalid weeks_verified_empty")

823 passed, 4 failed
